// Jest Snapshot v1, https://goo.gl/fbAQLP

exports[`CaEnterpriseAddonCalculator renders correctly 1`] = `
<DocumentFragment>
  <div
    class="CaEnterpriseAddonCalculator"
    data-testid="CaEnterpriseAddonCalculator"
    data-tracking="ca_enterprise_addon_calculator"
  >
    <div
      class="users"
    >
      <div
        class="radio"
      >
        <input
          checked=""
          class="radio-input"
          data-testid="users-5"
          id="users-5"
          name="users"
          type="radio"
          value="5"
        />
        <div
          class="radio-circle"
        />
        <label
          class="radio-label"
          for="users-5"
        >
          5
        </label>
      </div>
      <div
        class="radio"
      >
        <input
          class="radio-input"
          data-testid="users-10"
          id="users-10"
          name="users"
          type="radio"
          value="10"
        />
        <div
          class="radio-circle"
        />
        <label
          class="radio-label"
          for="users-10"
        >
          10
        </label>
      </div>
      <div
        class="radio"
      >
        <input
          class="radio-input"
          data-testid="users-15"
          id="users-15"
          name="users"
          type="radio"
          value="15"
        />
        <div
          class="radio-circle"
        />
        <label
          class="radio-label"
          for="users-15"
        >
          15
        </label>
      </div>
      <div
        class="radio"
      >
        <input
          class="radio-input"
          data-testid="users-20"
          id="users-20"
          name="users"
          type="radio"
          value="20"
        />
        <div
          class="radio-circle"
        />
        <label
          class="radio-label"
          for="users-20"
        >
          20
        </label>
      </div>
      <div
        class="radio"
      >
        <input
          class="radio-input"
          data-testid="users-25"
          id="users-25"
          name="users"
          type="radio"
          value="25"
        />
        <div
          class="radio-circle"
        />
        <label
          class="radio-label"
          for="users-25"
        >
          25
        </label>
      </div>
      <div
        class="radio"
      >
        <input
          class="radio-input"
          data-testid="users-30"
          id="users-30"
          name="users"
          type="radio"
          value="30"
        />
        <div
          class="radio-circle"
        />
        <label
          class="radio-label"
          for="users-30"
        >
          30
        </label>
      </div>
    </div>
    <div
      class="chart"
    >
      <div
        class="chart-products"
      >
        <div
          class="chart-item"
        >
          <div
            class="chart-item-top"
          >
            <div
              class="chart-item-title"
            >
              Advanced inventory
            </div>
            <div
              class="chart-toggle"
            >
              <input
                class="chart-toggle-input"
                data-testid="inventory-toggle"
                id="inventory-toggle"
                name="inventory"
                type="checkbox"
                value="inventory"
              />
              <label
                class="chart-toggle-label"
                for="inventory-toggle"
              />
            </div>
          </div>
          <div
            class="chart-price-add"
          >
            Add
          </div>
          <div
            class="chart-price"
          >
            <div
              class="chart-price-dollars"
            >
              $106
            </div>
            <div
              class="chart-price-cents"
            >
              00
            </div>
            <div
              class="chart-price-term"
            >
              /mo.
            </div>
          </div>
          <ul
            class="chart-features checkmark__list"
          >
            <li
              class="chart-features-item"
            >
              <span
                class="checkmark"
              >
                <img
                  alt=""
                  src="https://quickbooks.intuit.com/oidam/intuit/sbseg/en_ca/shared/icons/checkmark-thick.svg"
                />
              </span>
               Prioritize sales orders and improved picking process
            </li>
            <li
              class="chart-features-item"
            >
              <span
                class="checkmark"
              >
                <img
                  alt=""
                  src="https://quickbooks.intuit.com/oidam/intuit/sbseg/en_ca/shared/icons/checkmark-thick.svg"
                />
              </span>
               Save time and effort by making reviewing more automated
            </li>
            <li
              class="chart-features-item"
            >
              <span
                class="checkmark"
              >
                <img
                  alt=""
                  src="https://quickbooks.intuit.com/oidam/intuit/sbseg/en_ca/shared/icons/checkmark-thick.svg"
                />
              </span>
               Easily track product movement and storage
            </li>
          </ul>
          <div
            class=""
          >
            <a
              class="Button_button__328896b9 Button_standard__328896b9 Button_primary__328896b9 chart-button"
              data-action="interacted"
              data-testid="button"
              data-tracking="button"
              data-wa-link="learn-more-cta-enterprise-calculator-inventory"
              href="https://quickbooks.intuit.com/ca/enterprise/advanced-inventory/"
              title=""
            >
              <span
                class="Button_buttonText__328896b9"
              >
                Learn more
              </span>
            </a>
          </div>
        </div>
        <div
          class="chart-item"
        >
          <div
            class="chart-item-top"
          >
            <div
              class="chart-item-title"
            >
              Advanced pricing
            </div>
            <div
              class="chart-toggle"
            >
              <input
                class="chart-toggle-input"
                data-testid="pricing-toggle"
                id="pricing-toggle"
                name="pricing"
                type="checkbox"
                value="pricing"
              />
              <label
                class="chart-toggle-label"
                for="pricing-toggle"
              />
            </div>
          </div>
          <div
            class="chart-price-add"
          >
            Add
          </div>
          <div
            class="chart-price"
          >
            <div
              class="chart-price-dollars"
            >
              $43
            </div>
            <div
              class="chart-price-cents"
            >
              00
            </div>
            <div
              class="chart-price-term"
            >
              /mo.
            </div>
          </div>
          <ul
            class="chart-features checkmark__list"
          >
            <li
              class="chart-features-item"
            >
              <span
                class="checkmark"
              >
                <img
                  alt=""
                  src="https://quickbooks.intuit.com/oidam/intuit/sbseg/en_ca/shared/icons/checkmark-thick.svg"
                />
              </span>
               Set sophisticated price rules
            </li>
            <li
              class="chart-features-item"
            >
              <span
                class="checkmark"
              >
                <img
                  alt=""
                  src="https://quickbooks.intuit.com/oidam/intuit/sbseg/en_ca/shared/icons/checkmark-thick.svg"
                />
              </span>
               Create scheduled promotions with future start dates
            </li>
            <li
              class="chart-features-item"
            >
              <span
                class="checkmark"
              >
                <img
                  alt=""
                  src="https://quickbooks.intuit.com/oidam/intuit/sbseg/en_ca/shared/icons/checkmark-thick.svg"
                />
              </span>
               Automate your Pricing
            </li>
          </ul>
          <div
            class=""
          >
            <a
              class="Button_button__328896b9 Button_standard__328896b9 Button_primary__328896b9 chart-button"
              data-action="interacted"
              data-testid="button"
              data-tracking="button"
              data-wa-link="learn-more-cta-enterprise-calculator-pricing"
              href="https://quickbooks.intuit.com/ca/enterprise/advanced-pricing/"
              title=""
            >
              <span
                class="Button_buttonText__328896b9"
              >
                Learn more
              </span>
            </a>
          </div>
        </div>
        <div
          class="chart-item"
        >
          <div
            class="chart-item-top"
          >
            <div
              class="chart-item-title"
            >
              Hosting
            </div>
            <div
              class="chart-toggle"
            >
              <input
                class="chart-toggle-input"
                data-testid="hosting-toggle"
                id="hosting-toggle"
                name="hosting"
                type="checkbox"
                value="hosting"
              />
              <label
                class="chart-toggle-label"
                for="hosting-toggle"
              />
            </div>
          </div>
          <div
            class="chart-price-add"
          >
            Add
          </div>
          <div
            class="chart-price"
          >
            <div
              class="chart-price-dollars"
            >
              $253
            </div>
            <div
              class="chart-price-cents"
            >
              00
            </div>
            <div
              class="chart-price-term"
            >
              /mo.
            </div>
          </div>
          <ul
            class="chart-features checkmark__list"
          >
            <li
              class="chart-features-item"
            >
              <span
                class="checkmark"
              >
                <img
                  alt=""
                  src="https://quickbooks.intuit.com/oidam/intuit/sbseg/en_ca/shared/icons/checkmark-thick.svg"
                />
              </span>
               Run Enterprise from anytime, anywhere, on any device
            </li>
            <li
              class="chart-features-item"
            >
              <span
                class="checkmark"
              >
                <img
                  alt=""
                  src="https://quickbooks.intuit.com/oidam/intuit/sbseg/en_ca/shared/icons/checkmark-thick.svg"
                />
              </span>
               Easily collaborate with your teams by accessing the same information at the same time
            </li>
            <li
              class="chart-features-item"
            >
              <span
                class="checkmark"
              >
                <img
                  alt=""
                  src="https://quickbooks.intuit.com/oidam/intuit/sbseg/en_ca/shared/icons/checkmark-thick.svg"
                />
              </span>
               Data is securely backed up daily
            </li>
          </ul>
          <div
            class=""
          >
            <a
              class="Button_button__328896b9 Button_standard__328896b9 Button_primary__328896b9 chart-button"
              data-action="interacted"
              data-testid="button"
              data-tracking="button"
              data-wa-link="learn-more-cta-enterprise-calculator-hosting"
              href="https://quickbooks.intuit.com/ca/enterprise/cloud-hosting/"
              title=""
            >
              <span
                class="Button_buttonText__328896b9"
              >
                Learn more
              </span>
            </a>
          </div>
        </div>
      </div>
      <div
        class="total"
      >
        <div
          class="total-top"
        >
          <div
            class="total-title"
          >
            Total
          </div>
          <div
            class="total-price"
          >
            <div
              class="total-price-dollars"
              data-testid="total"
            >
              $380
            </div>
            <div
              class="total-price-cents"
            >
              00
            </div>
            <div
              class="total-price-term"
            >
              /mo.
            </div>
          </div>
          <div
            class="total-price-info"
          >
            Annual subscription billed monthly
          </div>
        </div>
        <div
          class="includes"
        >
          <div
            class="includes-title"
          >
            Your subscription includes:
          </div>
          <div
            class="includes-item"
          >
            <div
              class="includes-text"
            >
              Desktop Enterprise Subscription
            </div>
            <div
              class="includes-cost"
            >
              $380
            </div>
          </div>
        </div>
      </div>
    </div>
  </div>
</DocumentFragment>
`;
